\BOOKMARK [1][-]{section.1}{\376\377\000P\000l\000a\000n\000t\000e\000a\000m\000i\000e\000n\000t\000o\000\040\000d\000e\000l\000\040\000P\000r\000o\000b\000l\000e\000m\000a\000\040\000y\000\040\000C\000o\000n\000t\000e\000x\000t\000o\000\040\000E\000s\000t\000r\000a\000t\000\351\000g\000i\000c\000o}{}% 1
\BOOKMARK [2][-]{subsection.1.1}{\376\377\000D\000e\000s\000c\000r\000i\000p\000c\000i\000\363\000n\000\040\000d\000e\000l\000\040\000D\000a\000t\000a\000s\000e\000t}{section.1}% 2
\BOOKMARK [2][-]{subsection.1.2}{\376\377\000O\000b\000j\000e\000t\000i\000v\000o\000\040\000d\000e\000l\000\040\000P\000r\000o\000y\000e\000c\000t\000o}{section.1}% 3
\BOOKMARK [2][-]{subsection.1.3}{\376\377\000V\000a\000l\000o\000r\000\040\000E\000s\000t\000r\000a\000t\000\351\000g\000i\000c\000o\000\040\000p\000a\000r\000a\000\040\000S\000p\000o\000t\000i\000f\000y}{section.1}% 4
\BOOKMARK [2][-]{subsection.1.4}{\376\377\000L\000i\000m\000i\000t\000a\000c\000i\000\363\000n\000\040\000I\000m\000p\000o\000r\000t\000a\000n\000t\000e}{section.1}% 5
\BOOKMARK [1][-]{section.2}{\376\377\000R\000e\000g\000r\000e\000s\000i\000\363\000n\000\040\000L\000i\000n\000e\000a\000l\000\040\000y\000\040\000P\000o\000l\000i\000n\000o\000m\000i\000a\000l}{}% 6
\BOOKMARK [2][-]{subsection.2.1}{\376\377\000C\000o\000n\000f\000i\000g\000u\000r\000a\000c\000i\000\363\000n\000\040\000E\000x\000p\000e\000r\000i\000m\000e\000n\000t\000a\000l}{section.2}% 7
\BOOKMARK [2][-]{subsection.2.2}{\376\377\000M\000o\000d\000e\000l\000o\000s\000\040\000E\000v\000a\000l\000u\000a\000d\000o\000s}{section.2}% 8
\BOOKMARK [3][-]{subsubsection.2.2.1}{\376\377\000R\000e\000g\000r\000e\000s\000i\000\363\000n\000\040\000L\000i\000n\000e\000a\000l\000\040\000M\000\372\000l\000t\000i\000p\000l\000e\000\040\000\050\000B\000a\000s\000e\000l\000i\000n\000e\000\051}{subsection.2.2}% 9
\BOOKMARK [3][-]{subsubsection.2.2.2}{\376\377\000R\000e\000g\000r\000e\000s\000i\000\363\000n\000\040\000P\000o\000l\000i\000n\000o\000m\000i\000a\000l\000\040\000c\000o\000n\000\040\000R\000i\000d\000g\000e\000\040\000\050\000G\000r\000a\000d\000o\000\040\0003\000\051}{subsection.2.2}% 10
\BOOKMARK [3][-]{subsubsection.2.2.3}{\376\377\000H\000i\000s\000t\000G\000r\000a\000d\000i\000e\000n\000t\000B\000o\000o\000s\000t\000i\000n\000g\000\040\000R\000e\000g\000r\000e\000s\000s\000o\000r\000\040\000\050\000M\000o\000d\000e\000l\000o\000\040\000d\000e\000\040\000r\000e\000f\000e\000r\000e\000n\000c\000i\000a\000\040\000s\000u\000p\000e\000r\000i\000o\000r\000\051}{subsection.2.2}% 11
\BOOKMARK [2][-]{subsection.2.3}{\376\377\000T\000a\000b\000l\000a\000\040\000C\000o\000m\000p\000a\000r\000a\000t\000i\000v\000a\000\040\000d\000e\000\040\000D\000e\000s\000e\000m\000p\000e\000\361\000o}{section.2}% 12
\BOOKMARK [2][-]{subsection.2.4}{\376\377\000A\000n\000\341\000l\000i\000s\000i\000s\000\040\000d\000e\000\040\000S\000o\000b\000r\000e\000a\000j\000u\000s\000t\000e}{section.2}% 13
\BOOKMARK [2][-]{subsection.2.5}{\376\377\000V\000a\000r\000i\000a\000b\000l\000e\000s\000\040\000m\000\341\000s\000\040\000I\000n\000f\000l\000u\000y\000e\000n\000t\000e\000s}{section.2}% 14
\BOOKMARK [2][-]{subsection.2.6}{\376\377\000V\000i\000s\000u\000a\000l\000i\000z\000a\000c\000i\000\363\000n\000:\000\040\000C\000o\000m\000p\000a\000r\000a\000c\000i\000\363\000n\000\040\000d\000e\000\040\000E\000r\000r\000o\000r\000e\000s}{section.2}% 15
\BOOKMARK [1][-]{section.3}{\376\377\000A\000n\000\341\000l\000i\000s\000i\000s\000\040\000d\000e\000\040\000C\000o\000m\000p\000o\000n\000e\000n\000t\000e\000s\000\040\000P\000r\000i\000n\000c\000i\000p\000a\000l\000e\000s\000\040\000\050\000P\000C\000A\000\051}{}% 16
\BOOKMARK [2][-]{subsection.3.1}{\376\377\000P\000r\000e\000p\000a\000r\000a\000c\000i\000\363\000n\000\040\000d\000e\000\040\000D\000a\000t\000o\000s}{section.3}% 17
\BOOKMARK [2][-]{subsection.3.2}{\376\377\000V\000a\000r\000i\000a\000n\000z\000a\000\040\000E\000x\000p\000l\000i\000c\000a\000d\000a\000\040\000p\000o\000r\000\040\000C\000o\000m\000p\000o\000n\000e\000n\000t\000e}{section.3}% 18
\BOOKMARK [2][-]{subsection.3.3}{\376\377\000R\000e\000p\000r\000e\000s\000e\000n\000t\000a\000c\000i\000\363\000n\000\040\000V\000i\000s\000u\000a\000l\000:\000\040\000C\000u\000r\000v\000a\000\040\000d\000e\000\040\000V\000a\000r\000i\000a\000n\000z\000a\000\040\000A\000c\000u\000m\000u\000l\000a\000d\000a}{section.3}% 19
\BOOKMARK [2][-]{subsection.3.4}{\376\377\000V\000a\000r\000i\000a\000b\000l\000e\000s\000\040\000m\000\341\000s\000\040\000I\000n\000f\000l\000u\000y\000e\000n\000t\000e\000s\000\040\000p\000o\000r\000\040\000C\000o\000m\000p\000o\000n\000e\000n\000t\000e}{section.3}% 20
\BOOKMARK [2][-]{subsection.3.5}{\376\377\000\277\000Q\000u\000\351\000\040\000V\000a\000r\000i\000a\000b\000l\000e\000s\000\040\000D\000o\000m\000i\000n\000a\000n\000\040\000l\000a\000\040\000E\000s\000t\000r\000u\000c\000t\000u\000r\000a\000\040\000d\000e\000l\000\040\000D\000a\000t\000a\000s\000e\000t\000?}{section.3}% 21
\BOOKMARK [1][-]{section.4}{\376\377\000A\000g\000r\000u\000p\000a\000m\000i\000e\000n\000t\000o\000\040\000\050\000C\000l\000u\000s\000t\000e\000r\000i\000n\000g\000\051}{}% 22
\BOOKMARK [2][-]{subsection.4.1}{\376\377\000J\000u\000s\000t\000i\000f\000i\000c\000a\000c\000i\000\363\000n\000\040\000d\000e\000l\000\040\000A\000l\000g\000o\000r\000i\000t\000m\000o\000:\000\040\000K\000-\000M\000e\000a\000n\000s}{section.4}% 23
\BOOKMARK [2][-]{subsection.4.2}{\376\377\000S\000e\000l\000e\000c\000c\000i\000\363\000n\000\040\000d\000e\000l\000\040\000N\000\372\000m\000e\000r\000o\000\040\000d\000e\000\040\000C\000l\000u\000s\000t\000e\000r\000s}{section.4}% 24
\BOOKMARK [2][-]{subsection.4.3}{\376\377\000P\000e\000r\000f\000i\000l\000\040\000d\000e\000\040\000l\000o\000s\000\040\000C\000l\000u\000s\000t\000e\000r\000s}{section.4}% 25
\BOOKMARK [2][-]{subsection.4.4}{\376\377\000V\000i\000s\000u\000a\000l\000i\000z\000a\000c\000i\000\363\000n\000\040\000d\000e\000\040\000C\000l\000u\000s\000t\000e\000r\000s}{section.4}% 26
\BOOKMARK [2][-]{subsection.4.5}{\376\377\000I\000n\000t\000e\000r\000p\000r\000e\000t\000a\000c\000i\000\363\000n\000\040\000d\000e\000\040\000S\000e\000g\000m\000e\000n\000t\000o\000s\000\040\000e\000\040\000I\000m\000p\000l\000i\000c\000a\000c\000i\000o\000n\000e\000s\000\040\000E\000s\000t\000r\000a\000t\000\351\000g\000i\000c\000a\000s}{section.4}% 27
\BOOKMARK [1][-]{section.5}{\376\377\000C\000l\000a\000s\000i\000f\000i\000c\000a\000c\000i\000\363\000n\000\040\000c\000o\000n\000\040\000R\000e\000d\000\040\000N\000e\000u\000r\000o\000n\000a\000l}{}% 28
\BOOKMARK [2][-]{subsection.5.1}{\376\377\000F\000o\000r\000m\000u\000l\000a\000c\000i\000\363\000n\000\040\000d\000e\000l\000\040\000P\000r\000o\000b\000l\000e\000m\000a}{section.5}% 29
\BOOKMARK [2][-]{subsection.5.2}{\376\377\000D\000i\000v\000i\000s\000i\000\363\000n\000\040\000T\000r\000a\000i\000n\000\040\000/\000\040\000V\000a\000l\000i\000d\000a\000t\000i\000o\000n\000\040\000/\000\040\000T\000e\000s\000t}{section.5}% 30
\BOOKMARK [2][-]{subsection.5.3}{\376\377\000P\000r\000e\000p\000r\000o\000c\000e\000s\000a\000m\000i\000e\000n\000t\000o}{section.5}% 31
\BOOKMARK [2][-]{subsection.5.4}{\376\377\000A\000r\000q\000u\000i\000t\000e\000c\000t\000u\000r\000a\000\040\000d\000e\000l\000\040\000M\000o\000d\000e\000l\000o}{section.5}% 32
\BOOKMARK [2][-]{subsection.5.5}{\376\377\000H\000i\000p\000e\000r\000p\000a\000r\000\341\000m\000e\000t\000r\000o\000s\000\040\000y\000\040\000M\000e\000j\000o\000r\000a\000s\000\040\000A\000p\000l\000i\000c\000a\000d\000a\000s}{section.5}% 33
\BOOKMARK [2][-]{subsection.5.6}{\376\377\000M\000\351\000t\000r\000i\000c\000a\000s\000\040\000d\000e\000\040\000D\000e\000s\000e\000m\000p\000e\000\361\000o}{section.5}% 34
\BOOKMARK [2][-]{subsection.5.7}{\376\377\000M\000a\000t\000r\000i\000z\000\040\000d\000e\000\040\000C\000o\000n\000f\000u\000s\000i\000\363\000n}{section.5}% 35
\BOOKMARK [2][-]{subsection.5.8}{\376\377\000A\000n\000\341\000l\000i\000s\000i\000s\000\040\000d\000e\000\040\000E\000r\000r\000o\000r\000e\000s\000\040\000p\000o\000r\000\040\000C\000l\000a\000s\000e}{section.5}% 36
\BOOKMARK [2][-]{subsection.5.9}{\376\377\000R\000i\000e\000s\000g\000o\000\040\000d\000e\000\040\000S\000o\000b\000r\000e\000a\000j\000u\000s\000t\000e}{section.5}% 37
\BOOKMARK [1][-]{section.6}{\376\377\000C\000o\000n\000c\000l\000u\000s\000i\000o\000n\000e\000s\000\040\000E\000s\000t\000r\000a\000t\000\351\000g\000i\000c\000a\000s}{}% 38
\BOOKMARK [2][-]{subsection.6.1}{\376\377\000S\000\355\000n\000t\000e\000s\000i\000s\000\040\000d\000e\000\040\000H\000a\000l\000l\000a\000z\000g\000o\000s}{section.6}% 39
\BOOKMARK [2][-]{subsection.6.2}{\376\377\000R\000e\000s\000p\000u\000e\000s\000t\000a\000\040\000a\000\040\000l\000a\000\040\000P\000r\000e\000g\000u\000n\000t\000a\000\040\000d\000e\000\040\000N\000e\000g\000o\000c\000i\000o}{section.6}% 40
\BOOKMARK [2][-]{subsection.6.3}{\376\377\000P\000r\000\363\000x\000i\000m\000o\000s\000\040\000P\000a\000s\000o\000s\000\040\000R\000e\000c\000o\000m\000e\000n\000d\000a\000d\000o\000s}{section.6}% 41
\BOOKMARK [1][-]{section*.23}{\376\377\000R\000e\000f\000e\000r\000e\000n\000c\000i\000a\000s}{}% 42
